******************************************************************************
            TI ARM Clang Linker PC v4.0.0                      
******************************************************************************
>> Linked Wed Apr 30 15:24:54 2025

OUTPUT FILE NAME:   <app_project.out>
ENTRY POINT SYMBOL: "_c_int00_noargs"  address: 000005cd


MEMORY CONFIGURATION

         name            origin    length      used     unused   attr    fill
----------------------  --------  ---------  --------  --------  ----  --------
  FLASH                 00000000   00020000  000006b8  0001f948  R  X
  SRAM                  20200000   00008000  00000203  00007dfd  RW X
  BCR_CONFIG            41c00000   000000ff  00000000  000000ff  R   
  BSL_CONFIG            41c00100   00000080  00000000  00000080  R   


SEGMENT ALLOCATION MAP

run origin  load origin   length   init length attrs members
----------  ----------- ---------- ----------- ----- -------
00000000    00000000    000006b8   000006b8    r-x
  00000000    00000000    000000c0   000000c0    r-- .intvecs
  000000c0    000000c0    00000590   00000590    r-x .text
  00000650    00000650    00000050   00000050    r-- .rodata
  000006a0    000006a0    00000018   00000018    r-- .cinit
20200000    20200000    00000003   00000000    rw-
  20200000    20200000    00000003   00000000    rw- .data
20207e00    20207e00    00000200   00000000    rw-
  20207e00    20207e00    00000200   00000000    rw- .stack


SECTION ALLOCATION MAP

 output                                  attributes/
section   page    origin      length       input sections
--------  ----  ----------  ----------   ----------------
.intvecs   0    00000000    000000c0     
                  00000000    000000c0     startup_mspm0g350x_ticlang.o (.intvecs)

.text      0    000000c0    00000590     
                  000000c0    000000a8     ti_msp_dl_config.o (.text.SYSCFG_DL_GPIO_init)
                  00000168    0000009a     libc.a : memcpy16.S.obj (.text:memcpy)
                  00000202    00000002     startup_mspm0g350x_ticlang.o (.text.Default_Handler)
                  00000204    0000008c     handler.o (.text.message_handler)
                  00000290    00000084     ti_msp_dl_config.o (.text.SYSCFG_DL_UART_0_init)
                  00000314    0000007c     libc.a : copy_decompress_lzss.c.obj (.text:decompress:lzss)
                  00000390    00000070     ti_msp_dl_config.o (.text.SYSCFG_DL_BLE_init)
                  00000400    00000058     uart_echo_interrupts_standby.o (.text.UART1_IRQHandler)
                  00000458    0000004c     ti_msp_dl_config.o (.text.SYSCFG_DL_SYSCTL_init)
                  000004a4    00000048     driverlib.a : dl_uart.o (.text.DL_UART_init)
                  000004ec    00000040     ti_msp_dl_config.o (.text.SYSCFG_DL_initPower)
                  0000052c    0000003c     libc.a : autoinit.c.obj (.text:__TI_auto_init_nobinit_nopinit)
                  00000568    00000034     uart_echo_interrupts_standby.o (.text.main)
                  0000059c    00000030     uart_echo_interrupts_standby.o (.text.UART0_IRQHandler)
                  000005cc    00000028     libc.a : boot_cortex_m.c.obj (.text:_c_int00_noargs)
                  000005f4    00000018     ti_msp_dl_config.o (.text.SYSCFG_DL_init)
                  0000060c    00000012     driverlib.a : dl_uart.o (.text.DL_UART_setClockConfig)
                  0000061e    00000012     libc.a : copy_decompress_none.c.obj (.text:decompress:none)
                  00000630    0000000a     driverlib.a : dl_common.o (.text.DL_Common_delayCycles)
                  0000063a    00000002     --HOLE-- [fill = 0]
                  0000063c    00000008     libclang_rt.builtins.a : aeabi_memcpy.S.obj (.text.__aeabi_memcpy)
                  00000644    00000004     startup_mspm0g350x_ticlang.o (.text.Reset_Handler)
                  00000648    00000004     libc.a : pre_init.c.obj (.text._system_pre_init)
                  0000064c    00000004            : exit.c.obj (.text:abort)

.cinit     0    000006a0    00000018     
                  000006a0    00000008     (__TI_handler_table)
                  000006a8    00000007     (.cinit..data.load) [load image, compression = lzss]
                  000006af    00000001     --HOLE-- [fill = 0]
                  000006b0    00000008     (__TI_cinit_table)

.rodata    0    00000650    00000050     
                  00000650    00000031     ti_msp_dl_config.o (.rodata..L__const.SYSCFG_DL_GPIO_init.unusedPinIndexes)
                  00000681    00000001     --HOLE-- [fill = 0]
                  00000682    0000000a     ti_msp_dl_config.o (.rodata.gBLEConfig)
                  0000068c    0000000a     ti_msp_dl_config.o (.rodata.gUART_0Config)
                  00000696    00000002     ti_msp_dl_config.o (.rodata.gBLEClockConfig)
                  00000698    00000002     ti_msp_dl_config.o (.rodata.gUART_0ClockConfig)
                  0000069a    00000006     --HOLE-- [fill = 0]

.init_array 
*          0    00000000    00000000     UNINITIALIZED

.binit     0    00000000    00000000     

.data      0    20200000    00000003     UNINITIALIZED
                  20200000    00000001     uart_echo_interrupts_standby.o (.data.gEchoData)
                  20200001    00000001     uart_echo_interrupts_standby.o (.data.length)
                  20200002    00000001     uart_echo_interrupts_standby.o (.data.mode)

.stack     0    20207e00    00000200     UNINITIALIZED
                  20207e00    00000004     libc.a : boot_cortex_m.c.obj (.stack)
                  20207e04    000001fc     --HOLE--

__llvm_prf_cnts 
*          0    20200000    00000000     UNINITIALIZED

__llvm_prf_bits 
*          0    20200000    00000000     UNINITIALIZED

MODULE SUMMARY

       Module                           code   ro data   rw data
       ------                           ----   -------   -------
    .\
       ti_msp_dl_config.o               576    73        0      
       startup_mspm0g350x_ticlang.o     6      192       0      
       uart_echo_interrupts_standby.o   188    0         3      
       handler.o                        140    0         0      
    +--+--------------------------------+------+---------+---------+
       Total:                           910    265       3      
                                                                
    C:/ti/mspm0_sdk_2_04_00_06/source/ti/driverlib/lib/ticlang/m0p/mspm0g1x0x_g3x0x/driverlib.a
       dl_uart.o                        90     0         0      
       dl_common.o                      10     0         0      
    +--+--------------------------------+------+---------+---------+
       Total:                           100    0         0      
                                                                
    C:\ti\ccstheia151\ccs\tools\compiler\ti-cgt-armllvm_4.0.0.LTS\lib\armv6m-ti-none-eabi/c/libc.a
       memcpy16.S.obj                   154    0         0      
       copy_decompress_lzss.c.obj       124    0         0      
       autoinit.c.obj                   60     0         0      
       boot_cortex_m.c.obj              40     0         0      
       copy_decompress_none.c.obj       18     0         0      
       exit.c.obj                       4      0         0      
       pre_init.c.obj                   4      0         0      
    +--+--------------------------------+------+---------+---------+
       Total:                           404    0         0      
                                                                
    C:\ti\ccstheia151\ccs\tools\compiler\ti-cgt-armllvm_4.0.0.LTS\lib\armv6m-ti-none-eabi/libclang_rt.builtins.a
       aeabi_memcpy.S.obj               8      0         0      
    +--+--------------------------------+------+---------+---------+
       Total:                           8      0         0      
                                                                
       Stack:                           0      0         512    
       Linker Generated:                0      23        0      
    +--+--------------------------------+------+---------+---------+
       Grand Total:                     1422   288       515    


LINKER GENERATED COPY TABLES

__TI_cinit_table @ 000006b0 records: 1, size/record: 8, table size: 8
	.data: load addr=000006a8, load size=00000007 bytes, run addr=20200000, run size=00000003 bytes, compression=lzss


LINKER GENERATED HANDLER TABLE

__TI_handler_table @ 000006a0 records: 2, size/record: 4, table size: 8
	index: 0, handler: __TI_decompress_lzss
	index: 1, handler: __TI_decompress_none


GLOBAL SYMBOLS: SORTED ALPHABETICALLY BY Name 

address   name                          
-------   ----                          
00000203  ADC0_IRQHandler               
00000203  ADC1_IRQHandler               
00000203  AES_IRQHandler                
0000064c  C$$EXIT                       
00000203  CANFD0_IRQHandler             
00000203  DAC0_IRQHandler               
00000631  DL_Common_delayCycles         
000004a5  DL_UART_init                  
0000060d  DL_UART_setClockConfig        
00000203  DMA_IRQHandler                
00000203  Default_Handler               
00000203  GROUP0_IRQHandler             
00000203  GROUP1_IRQHandler             
00000203  HardFault_Handler             
00000203  I2C0_IRQHandler               
00000203  I2C1_IRQHandler               
00000203  NMI_Handler                   
00000203  PendSV_Handler                
00000203  RTC_IRQHandler                
00000645  Reset_Handler                 
00000203  SPI0_IRQHandler               
00000203  SPI1_IRQHandler               
00000203  SVC_Handler                   
00000391  SYSCFG_DL_BLE_init            
000000c1  SYSCFG_DL_GPIO_init           
00000459  SYSCFG_DL_SYSCTL_init         
00000291  SYSCFG_DL_UART_0_init         
000005f5  SYSCFG_DL_init                
000004ed  SYSCFG_DL_initPower           
00000203  SysTick_Handler               
00000203  TIMA0_IRQHandler              
00000203  TIMA1_IRQHandler              
00000203  TIMG0_IRQHandler              
00000203  TIMG12_IRQHandler             
00000203  TIMG6_IRQHandler              
00000203  TIMG7_IRQHandler              
00000203  TIMG8_IRQHandler              
0000059d  UART0_IRQHandler              
00000401  UART1_IRQHandler              
00000203  UART2_IRQHandler              
00000203  UART3_IRQHandler              
20208000  __STACK_END                   
00000200  __STACK_SIZE                  
00000000  __TI_ATRegion0_region_sz      
00000000  __TI_ATRegion0_src_addr       
00000000  __TI_ATRegion0_trg_addr       
00000000  __TI_ATRegion1_region_sz      
00000000  __TI_ATRegion1_src_addr       
00000000  __TI_ATRegion1_trg_addr       
00000000  __TI_ATRegion2_region_sz      
00000000  __TI_ATRegion2_src_addr       
00000000  __TI_ATRegion2_trg_addr       
000006b0  __TI_CINIT_Base               
000006b8  __TI_CINIT_Limit              
000006b8  __TI_CINIT_Warm               
000006a0  __TI_Handler_Table_Base       
000006a8  __TI_Handler_Table_Limit      
0000052d  __TI_auto_init_nobinit_nopinit
00000315  __TI_decompress_lzss          
0000061f  __TI_decompress_none          
ffffffff  __TI_pprof_out_hndl           
ffffffff  __TI_prof_data_size           
ffffffff  __TI_prof_data_start          
00000000  __TI_static_base__            
0000063d  __aeabi_memcpy                
0000063d  __aeabi_memcpy4               
0000063d  __aeabi_memcpy8               
ffffffff  __binit__                     
UNDEFED   __mpu_init                    
20207e00  __stack                       
20200000  __start___llvm_prf_bits       
20200000  __start___llvm_prf_cnts       
20200000  __stop___llvm_prf_bits        
20200000  __stop___llvm_prf_cnts        
000005cd  _c_int00_noargs               
UNDEFED   _system_post_cinit            
00000649  _system_pre_init              
0000064d  abort                         
ffffffff  binit                         
20200000  gEchoData                     
00000000  interruptVectors              
20200001  length                        
00000569  main                          
00000169  memcpy                        
00000205  message_handler               
20200002  mode                          


GLOBAL SYMBOLS: SORTED BY Symbol Address 

address   name                          
-------   ----                          
00000000  __TI_ATRegion0_region_sz      
00000000  __TI_ATRegion0_src_addr       
00000000  __TI_ATRegion0_trg_addr       
00000000  __TI_ATRegion1_region_sz      
00000000  __TI_ATRegion1_src_addr       
00000000  __TI_ATRegion1_trg_addr       
00000000  __TI_ATRegion2_region_sz      
00000000  __TI_ATRegion2_src_addr       
00000000  __TI_ATRegion2_trg_addr       
00000000  __TI_static_base__            
00000000  interruptVectors              
000000c1  SYSCFG_DL_GPIO_init           
00000169  memcpy                        
00000200  __STACK_SIZE                  
00000203  ADC0_IRQHandler               
00000203  ADC1_IRQHandler               
00000203  AES_IRQHandler                
00000203  CANFD0_IRQHandler             
00000203  DAC0_IRQHandler               
00000203  DMA_IRQHandler                
00000203  Default_Handler               
00000203  GROUP0_IRQHandler             
00000203  GROUP1_IRQHandler             
00000203  HardFault_Handler             
00000203  I2C0_IRQHandler               
00000203  I2C1_IRQHandler               
00000203  NMI_Handler                   
00000203  PendSV_Handler                
00000203  RTC_IRQHandler                
00000203  SPI0_IRQHandler               
00000203  SPI1_IRQHandler               
00000203  SVC_Handler                   
00000203  SysTick_Handler               
00000203  TIMA0_IRQHandler              
00000203  TIMA1_IRQHandler              
00000203  TIMG0_IRQHandler              
00000203  TIMG12_IRQHandler             
00000203  TIMG6_IRQHandler              
00000203  TIMG7_IRQHandler              
00000203  TIMG8_IRQHandler              
00000203  UART2_IRQHandler              
00000203  UART3_IRQHandler              
00000205  message_handler               
00000291  SYSCFG_DL_UART_0_init         
00000315  __TI_decompress_lzss          
00000391  SYSCFG_DL_BLE_init            
00000401  UART1_IRQHandler              
00000459  SYSCFG_DL_SYSCTL_init         
000004a5  DL_UART_init                  
000004ed  SYSCFG_DL_initPower           
0000052d  __TI_auto_init_nobinit_nopinit
00000569  main                          
0000059d  UART0_IRQHandler              
000005cd  _c_int00_noargs               
000005f5  SYSCFG_DL_init                
0000060d  DL_UART_setClockConfig        
0000061f  __TI_decompress_none          
00000631  DL_Common_delayCycles         
0000063d  __aeabi_memcpy                
0000063d  __aeabi_memcpy4               
0000063d  __aeabi_memcpy8               
00000645  Reset_Handler                 
00000649  _system_pre_init              
0000064c  C$$EXIT                       
0000064d  abort                         
000006a0  __TI_Handler_Table_Base       
000006a8  __TI_Handler_Table_Limit      
000006b0  __TI_CINIT_Base               
000006b8  __TI_CINIT_Limit              
000006b8  __TI_CINIT_Warm               
20200000  __start___llvm_prf_bits       
20200000  __start___llvm_prf_cnts       
20200000  __stop___llvm_prf_bits        
20200000  __stop___llvm_prf_cnts        
20200000  gEchoData                     
20200001  length                        
20200002  mode                          
20207e00  __stack                       
20208000  __STACK_END                   
ffffffff  __TI_pprof_out_hndl           
ffffffff  __TI_prof_data_size           
ffffffff  __TI_prof_data_start          
ffffffff  __binit__                     
ffffffff  binit                         
UNDEFED   __mpu_init                    
UNDEFED   _system_post_cinit            

[86 symbols]
